Error type A at Line 1: Invalid Character, @
Error type B at Line 1: Missing Expression.
Error type B at Line 1: Missing Expression.
