Error type B at Line 1: Missing Semicolon.
Error type B at Line 1: Missing Specifier.
Error type B at Line 1: Extra Comma.
