Error type A at Line 1: Invalid Character, ?
Error type A at Line 1: Leading Zero Inside Literal, 0123
Error type A at Line 1: Invalid Character, $
Error type A at Line 1: Leading Zero Inside Literal, 0x01234
Error type A at Line 1: Invalid Character, @
Error type A at Line 1: Invalid Hex Char, '\x02ggg'
Error type B at Line 1: Missing Expression.
Error type B at Line 1: Missing Expression.
